// Jest Snapshot v1, https://goo.gl/fbAQLP

exports[`should take a snapshot 1`] = `
<DocumentFragment>
  <div
    class="form-only"
  >
    <div>
      <h1>
        Custom Weather
      </h1>
      <form>
        <label>
          Location:
          <input
            data-testid="location-input"
            placeholder="Type in city and state"
            type="text"
          />
        </label>
        <button
          type="submit"
        >
          Submit
        </button>
        <button
          type="submit"
        >
          Use Current Location
        </button>
      </form>
    </div>
  </div>
</DocumentFragment>
`;
