// Jest Snapshot v1, https://goo.gl/fbAQLP

exports[`should take a snapshot 1`] = `
<DocumentFragment>
  <div
    class="location-temp-range"
  >
    <h4>
       Today's Temperature Ranges 
    </h4>
    <p>
      Current: 
    </p>
    <p>
      High: 
    </p>
    <p>
      Low: 
    </p>
  </div>
</DocumentFragment>
`;
